// Jest Snapshot v1, https://goo.gl/fbAQLP

exports[`<Actions /> renders 1`] = `
<DocumentFragment>
  <div
    class="actions-header"
  >
    <i
      aria-hidden="true"
      class="trash alternate icon delete js-delete"
    />
    <i
      aria-hidden="true"
      class="pencil icon edit js-edit"
    />
  </div>
</DocumentFragment>
`;
